
> work-wiki@0.1.0 test:e2e /Users/christianlee/App-Development/work-wiki
> playwright test


Running 17 tests using 1 worker

(node:76364) Warning: The 'NO_COLOR' env is ignored due to the 'FORCE_COLOR' env being set.
(Use `node --trace-warnings ...` to show where the warning was created)
  ✓   1 e2e/retired-routes.spec.ts:15:7 › signed-in retired-route 404s › the sampled URLs are the retired surfaces, not a restated list (2ms)
  ✓   2 e2e/retired-routes.spec.ts:31:9 › signed-in retired-route 404s › /wiki is 404 for the signed-in owner (619ms)
  ✓   3 e2e/retired-routes.spec.ts:31:9 › signed-in retired-route 404s › /wiki/alpha is 404 for the signed-in owner (609ms)
  ✓   4 e2e/retired-routes.spec.ts:31:9 › signed-in retired-route 404s › /wiki/contributors is 404 for the signed-in owner (413ms)
  ✓   5 e2e/retired-routes.spec.ts:31:9 › signed-in retired-route 404s › /waitlist is 404 for the signed-in owner (560ms)
  ✓   6 e2e/retired-routes.spec.ts:31:9 › signed-in retired-route 404s › /u/anyone is 404 for the signed-in owner (537ms)
  ✓   7 e2e/retired-routes.spec.ts:42:9 › signed-in retired-route 404s › /api/wiki/browse is a bodiless 404 for the signed-in owner (339ms)
  ✓   8 e2e/retired-routes.spec.ts:42:9 › signed-in retired-route 404s › /api/query/demo is a bodiless 404 for the signed-in owner (281ms)
  ✓   9 e2e/retired-routes.spec.ts:42:9 › signed-in retired-route 404s › /api/contributors is a bodiless 404 for the signed-in owner (282ms)
  ✓  10 e2e/workbench-owner.spec.ts:33:7 › private Workbench owner journey › lands on the Wiki canvas as the signed-in owner (1.6s)
  ✓  11 e2e/workbench-owner.spec.ts:41:7 › private Workbench owner journey › creates a wiki from a scenario template and opens Settings (1.4s)
  ✓  12 e2e/workbench-owner.spec.ts:59:7 › private Workbench owner journey › Chat and Search rails expose their canvases (714ms)
  ✓  13 e2e/workbench-owner.spec.ts:79:7 › private Workbench owner journey › signed-in Graph, Lint, Review, and Research journeys open after a wiki exists (1.5s)
  ✓  14 e2e/workbench-owner.spec.ts:105:7 › private Workbench owner journey › the Files tab is reachable after sign-in (553ms)
  ✓  15 e2e/workbench-owner.spec.ts:114:7 › private Workbench owner journey › non-empty Graph chrome, reduced-motion Fit, narrow layout, and Research handoff (2.5s)
  ✓  16 e2e/workbench-owner.spec.ts:157:7 › private Workbench owner journey › Lint auto-fix and Review Create Page / Skip in the signed-in browser (4.6s)
  ✓  17 e2e/workbench-owner.spec.ts:230:15 › signed-out boundary › sends a browser with no session to sign-in (186ms)

  17 passed (20.9s)
